../Core/Src/bgt60ltr11_spi.c:31:9:bgt60ltr11_spi_read	32	static
../Core/Src/bgt60ltr11_spi.c:69:9:bgt60ltr11_spi_write	16	static
../Core/Src/bgt60ltr11_spi.c:88:9:bgt60ltr11_HW_reset	8	static
../Core/Src/bgt60ltr11_spi.c:99:9:bgt60ltr11_adc_status	16	static
../Core/Src/bgt60ltr11_spi.c:116:9:bgt60ltr11_soft_reset	16	static
../Core/Src/bgt60ltr11_spi.c:144:9:bgt60ltr11_ADC_Convert	8	static
../Core/Src/bgt60ltr11_spi.c:155:9:bgt60ltr11_test	16	static
../Core/Src/bgt60ltr11_spi.c:172:9:bgt60ltr11_get_RAW_data	8	static
../Core/Src/bgt60ltr11_spi.c:178:9:bgt60ltr11_pulsed_mode_init	8	static
