../Core/Src/bgt60ltr11_spi.c:41:9:bgt60ltr11_spi_read	48	static
../Core/Src/bgt60ltr11_spi.c:122:9:bgt60ltr11_spi_write	32	static
../Core/Src/bgt60ltr11_spi.c:183:9:bgt60ltr11_HW_reset	8	static
../Core/Src/bgt60ltr11_spi.c:194:9:bgt60ltr11_adc_status	16	static
../Core/Src/bgt60ltr11_spi.c:211:9:bgt60ltr11_soft_reset	24	static
../Core/Src/bgt60ltr11_spi.c:239:9:bgt60ltr11_ADC_Convert	8	static
../Core/Src/bgt60ltr11_spi.c:250:9:bgt60ltr11_test	16	static
../Core/Src/bgt60ltr11_spi.c:267:9:bgt60ltr11_get_RAW_data	16	static
../Core/Src/bgt60ltr11_spi.c:273:9:bgt60ltr11_pulsed_mode_init	8	static
