../Core/Src/main.c:104:1:__io_putchar	16	static
../Core/Src/main.c:116:5:main	64	static
../Core/Src/main.c:218:6:SystemClock_Config	96	static
../Core/Src/main.c:268:13:MX_SPI1_Init	8	static
../Core/Src/main.c:308:13:MX_TIM2_Init	40	static
../Core/Src/main.c:353:13:MX_USART2_UART_Init	8	static
../Core/Src/main.c:388:13:MX_GPIO_Init	40	static
../Core/Src/main.c:431:6:HAL_TIM_PeriodElapsedCallback	24	static
../Core/Src/main.c:473:6:sendDataToMonitor	16	static
../Core/Src/main.c:477:11:calculate_rolling_average_with_filtering	48	static
../Core/Src/main.c:515:6:Error_Handler	8	static,ignoring_inline_asm
