../Core/Src/main.c:107:1:__io_putchar	16	static
../Core/Src/main.c:119:5:main	64	static
../Core/Src/main.c:230:6:SystemClock_Config	96	static
../Core/Src/main.c:280:13:MX_SPI1_Init	8	static
../Core/Src/main.c:320:13:MX_TIM2_Init	40	static
../Core/Src/main.c:365:13:MX_USART2_UART_Init	8	static
../Core/Src/main.c:400:13:MX_GPIO_Init	40	static
../Core/Src/main.c:443:6:HAL_TIM_PeriodElapsedCallback	24	static
../Core/Src/main.c:485:6:sendDataToMonitor	16	static
../Core/Src/main.c:489:11:calculate_rolling_average_with_filtering	48	static
../Core/Src/main.c:527:6:Error_Handler	8	static,ignoring_inline_asm
